#
# There is insufficient memory for the Java Runtime Environment to continue.
# Native memory allocation (malloc) failed to allocate 1048576 bytes. Error detail: AllocateHeap
# Possible reasons:
#   The system is out of physical RAM or swap space
#   This process is running with CompressedOops enabled, and the Java Heap may be blocking the growth of the native heap
# Possible solutions:
#   Reduce memory load on the system
#   Increase physical memory or swap space
#   Check if swap backing store is full
#   Decrease Java heap size (-Xmx/-Xms)
#   Decrease number of Java threads
#   Decrease Java thread stack sizes (-Xss)
#   Set larger code cache with -XX:ReservedCodeCacheSize=
#   JVM is running with Unscaled Compressed Oops mode in which the Java heap is
#     placed in the first 4GB address space. The Java Heap base address is the
#     maximum limit for the native heap growth. Please use -XX:HeapBaseMinAddress
#     to set the Java Heap base and to place the Java Heap above 4GB virtual address.
# This output file may be truncated or incomplete.
#
#  Out of Memory Error (allocation.cpp:44), pid=2880, tid=35932
#
# JRE version: OpenJDK Runtime Environment Temurin-21.0.9+10 (21.0.9+10) (build 21.0.9+10-LTS)
# Java VM: OpenJDK 64-Bit Server VM Temurin-21.0.9+10 (21.0.9+10-LTS, mixed mode, sharing, tiered, compressed oops, compressed class ptrs, parallel gc, windows-amd64)
# No core dump will be written. Minidumps are not enabled by default on client versions of Windows
#

---------------  S U M M A R Y ------------

Command Line: --add-modules=ALL-SYSTEM --add-opens=java.base/java.util=ALL-UNNAMED --add-opens=java.base/java.lang=ALL-UNNAMED --add-opens=java.base/sun.nio.fs=ALL-UNNAMED -Declipse.application=org.eclipse.jdt.ls.core.id1 -Dosgi.bundles.defaultStartLevel=4 -Declipse.product=org.eclipse.jdt.ls.core.product -Djava.import.generatesMetadataFilesAtProjectRoot=false -DDetectVMInstallationsJob.disabled=true -Dfile.encoding=utf8 -XX:+UseParallelGC -XX:GCTimeRatio=4 -XX:AdaptiveSizePolicyWeight=90 -Dsun.zip.disableMemoryMapping=true -Xmx2G -Xms100m -Xlog:disable -javaagent:c:\Users\govin\.vscode\extensions\redhat.java-1.52.0-win32-x64\lombok\lombok-1.18.39-4050.jar -XX:+HeapDumpOnOutOfMemoryError -XX:HeapDumpPath=c:\Users\govin\AppData\Roaming\Code\User\workspaceStorage\63accd2e03c73e076dd7f4f5a571dcd8\redhat.java -Daether.dependencyCollector.impl=bf c:\Users\govin\.vscode\extensions\redhat.java-1.52.0-win32-x64\server\plugins\org.eclipse.equinox.launcher_1.7.100.v20251111-0406.jar -configuration c:\Users\govin\AppData\Roaming\Code\User\globalStorage\redhat.java\1.52.0\config_win -data c:\Users\govin\AppData\Roaming\Code\User\workspaceStorage\63accd2e03c73e076dd7f4f5a571dcd8\redhat.java\jdt_ws --pipe=\\.\pipe\lsp-f0073eb800464da08d4ab012900ae2ad-sock

Host: AMD Ryzen 7 7730U with Radeon Graphics         , 16 cores, 15G,  Windows 11 , 64 bit Build 26100 (10.0.26100.7705)
Time: Sat Feb 14 00:12:53 2026 India Standard Time elapsed time: 5956.812671 seconds (0d 1h 39m 16s)

---------------  T H R E A D  ---------------

Current thread (0x000001c5986f67c0):  JavaThread "Attach Listener" daemon [_thread_in_vm, id=35932, stack(0x000000404b000000,0x000000404b100000) (1024K)]

Stack: [0x000000404b000000,0x000000404b100000]
Native frames: (J=compiled Java code, j=interpreted, Vv=VM code, C=native code)
V  [jvm.dll+0x6d6e29]
V  [jvm.dll+0x8b4b76]
V  [jvm.dll+0x8b712e]
V  [jvm.dll+0x8b7813]
V  [jvm.dll+0x283d86]
V  [jvm.dll+0xc1277]
V  [jvm.dll+0x6d76d9]
V  [jvm.dll+0x133466]
V  [jvm.dll+0x3f7ea6]
V  [jvm.dll+0x85e9ad]
V  [jvm.dll+0x6d565d]
C  [ucrtbase.dll+0x37b0]
C  [KERNEL32.DLL+0x2e8d7]
C  [ntdll.dll+0x8c40c]


---------------  P R O C E S S  ---------------

Threads class SMR info:
_java_thread_list=0x000001c5e1a34ac0, length=48, elements={
0x000001c5ff7a4ce0, 0x000001c581d0dcc0, 0x000001c5986f0be0, 0x000001c5986f3d60,
0x000001c5986f67c0, 0x000001c5986f8770, 0x000001c5986fc730, 0x000001c5dab2a470,
0x000001c5dab2cbd0, 0x000001c5dad8af60, 0x000001c5dae8fea0, 0x000001c5e1399f20,
0x000001c5dadc21b0, 0x000001c5dc9b2ed0, 0x000001c5dc7f6770, 0x000001c5dabe1f60,
0x000001c5e12851d0, 0x000001c5daba24e0, 0x000001c5daba3200, 0x000001c5daba0410,
0x000001c5e5c0a890, 0x000001c5e5c08130, 0x000001c5e5c0af20, 0x000001c5e5c08e50,
0x000001c5e5c094e0, 0x000001c5e5c09b70, 0x000001c5e5c087c0, 0x000001c5e5c0c2d0,
0x000001c5e5c0bc40, 0x000001c5e5c0c960, 0x000001c5e5c0b5b0, 0x000001c5e5c0d680,
0x000001c5e5c0cff0, 0x000001c5e5c0a200, 0x000001c5e5c0dd10, 0x000001c5e5c0f750,
0x000001c5e5c0e3a0, 0x000001c5e5c0ea30, 0x000001c5e259d0e0, 0x000001c5e259ca50,
0x000001c5e6380a80, 0x000001c5e6383f00, 0x000001c5e6384590, 0x000001c5e6381110,
0x000001c5e63852b0, 0x000001c5e6385fd0, 0x000001c5e6387a10, 0x000001c5e3e8f580
}

Java Threads: ( => current thread )
  0x000001c5ff7a4ce0 JavaThread "main"                              [_thread_blocked, id=5324, stack(0x000000404a900000,0x000000404aa00000) (1024K)]
  0x000001c581d0dcc0 JavaThread "Reference Handler"          daemon [_thread_blocked, id=16392, stack(0x000000404ad00000,0x000000404ae00000) (1024K)]
  0x000001c5986f0be0 JavaThread "Finalizer"                  daemon [_thread_blocked, id=42192, stack(0x000000404ae00000,0x000000404af00000) (1024K)]
  0x000001c5986f3d60 JavaThread "Signal Dispatcher"          daemon [_thread_blocked, id=39868, stack(0x000000404af00000,0x000000404b000000) (1024K)]
=>0x000001c5986f67c0 JavaThread "Attach Listener"            daemon [_thread_in_vm, id=35932, stack(0x000000404b000000,0x000000404b100000) (1024K)]
  0x000001c5986f8770 JavaThread "Service Thread"             daemon [_thread_blocked, id=36788, stack(0x000000404b100000,0x000000404b200000) (1024K)]
  0x000001c5986fc730 JavaThread "Monitor Deflation Thread"   daemon [_thread_blocked, id=50252, stack(0x000000404b200000,0x000000404b300000) (1024K)]
  0x000001c5dab2a470 JavaThread "C2 CompilerThread0"         daemon [_thread_blocked, id=34780, stack(0x000000404b300000,0x000000404b400000) (1024K)]
  0x000001c5dab2cbd0 JavaThread "C1 CompilerThread0"         daemon [_thread_blocked, id=35764, stack(0x000000404b400000,0x000000404b500000) (1024K)]
  0x000001c5dad8af60 JavaThread "Common-Cleaner"             daemon [_thread_blocked, id=38808, stack(0x000000404b700000,0x000000404b800000) (1024K)]
  0x000001c5dae8fea0 JavaThread "Notification Thread"        daemon [_thread_blocked, id=49392, stack(0x000000404b900000,0x000000404ba00000) (1024K)]
  0x000001c5e1399f20 JavaThread "Active Thread: Equinox Container: 0dc0ae86-f257-4da0-816f-afc8738aa1cd"        [_thread_blocked, id=27300, stack(0x000000404c300000,0x000000404c400000) (1024K)]
  0x000001c5dadc21b0 JavaThread "Refresh Thread: Equinox Container: 0dc0ae86-f257-4da0-816f-afc8738aa1cd" daemon [_thread_blocked, id=17556, stack(0x000000404b500000,0x000000404b600000) (1024K)]
  0x000001c5dc9b2ed0 JavaThread "Framework Event Dispatcher: Equinox Container: 0dc0ae86-f257-4da0-816f-afc8738aa1cd" daemon [_thread_blocked, id=28464, stack(0x000000404b600000,0x000000404b700000) (1024K)]
  0x000001c5dc7f6770 JavaThread "Start Level: Equinox Container: 0dc0ae86-f257-4da0-816f-afc8738aa1cd" daemon [_thread_blocked, id=41708, stack(0x000000404b800000,0x000000404b900000) (1024K)]
  0x000001c5dabe1f60 JavaThread "Bundle File Closer"         daemon [_thread_blocked, id=43800, stack(0x000000404c700000,0x000000404c800000) (1024K)]
  0x000001c5e12851d0 JavaThread "SCR Component Actor"        daemon [_thread_blocked, id=39828, stack(0x000000404c800000,0x000000404c900000) (1024K)]
  0x000001c5daba24e0 JavaThread "Worker-JM"                         [_thread_blocked, id=29528, stack(0x000000404c900000,0x000000404ca00000) (1024K)]
  0x000001c5daba3200 JavaThread "JNA Cleaner"                daemon [_thread_blocked, id=16640, stack(0x000000404ca00000,0x000000404cb00000) (1024K)]
  0x000001c5daba0410 JavaThread "Java indexing"              daemon [_thread_blocked, id=3808, stack(0x000000404d200000,0x000000404d300000) (1024K)]
  0x000001c5e5c0a890 JavaThread "Thread-1"                   daemon [_thread_in_native, id=50980, stack(0x000000404da00000,0x000000404db00000) (1024K)]
  0x000001c5e5c08130 JavaThread "Thread-2"                   daemon [_thread_in_native, id=18688, stack(0x000000404db00000,0x000000404dc00000) (1024K)]
  0x000001c5e5c0af20 JavaThread "Thread-3"                   daemon [_thread_in_native, id=50904, stack(0x000000404dc00000,0x000000404dd00000) (1024K)]
  0x000001c5e5c08e50 JavaThread "Thread-4"                   daemon [_thread_in_native, id=28608, stack(0x000000404dd00000,0x000000404de00000) (1024K)]
  0x000001c5e5c094e0 JavaThread "Thread-5"                   daemon [_thread_in_native, id=28696, stack(0x000000404de00000,0x000000404df00000) (1024K)]
  0x000001c5e5c09b70 JavaThread "Thread-6"                   daemon [_thread_in_native, id=14724, stack(0x000000404df00000,0x000000404e000000) (1024K)]
  0x000001c5e5c087c0 JavaThread "Thread-7"                   daemon [_thread_in_native, id=13188, stack(0x000000404e000000,0x000000404e100000) (1024K)]
  0x000001c5e5c0c2d0 JavaThread "Thread-8"                   daemon [_thread_in_native, id=33728, stack(0x000000404e100000,0x000000404e200000) (1024K)]
  0x000001c5e5c0bc40 JavaThread "Thread-9"                   daemon [_thread_in_native, id=42732, stack(0x000000404e200000,0x000000404e300000) (1024K)]
  0x000001c5e5c0c960 JavaThread "Thread-10"                  daemon [_thread_in_native, id=32320, stack(0x000000404e300000,0x000000404e400000) (1024K)]
  0x000001c5e5c0b5b0 JavaThread "Thread-11"                  daemon [_thread_in_native, id=48268, stack(0x000000404e400000,0x000000404e500000) (1024K)]
  0x000001c5e5c0d680 JavaThread "Thread-12"                  daemon [_thread_in_native, id=9700, stack(0x000000404e500000,0x000000404e600000) (1024K)]
  0x000001c5e5c0cff0 JavaThread "Thread-13"                  daemon [_thread_in_native, id=26984, stack(0x000000404e600000,0x000000404e700000) (1024K)]
  0x000001c5e5c0a200 JavaThread "Thread-14"                  daemon [_thread_in_native, id=33568, stack(0x000000404e700000,0x000000404e800000) (1024K)]
  0x000001c5e5c0dd10 JavaThread "Thread-15"                  daemon [_thread_in_native, id=46568, stack(0x000000404e800000,0x000000404e900000) (1024K)]
  0x000001c5e5c0f750 JavaThread "Thread-16"                  daemon [_thread_in_native, id=42116, stack(0x000000404e900000,0x000000404ea00000) (1024K)]
  0x000001c5e5c0e3a0 JavaThread "Thread-17"                  daemon [_thread_in_native, id=21760, stack(0x000000404ea00000,0x000000404eb00000) (1024K)]
  0x000001c5e5c0ea30 JavaThread "pool-2-thread-1"                   [_thread_blocked, id=35636, stack(0x000000404eb00000,0x000000404ec00000) (1024K)]
  0x000001c5e259d0e0 JavaThread "WorkspaceEventsHandler"            [_thread_blocked, id=6268, stack(0x000000404ef00000,0x000000404f000000) (1024K)]
  0x000001c5e259ca50 JavaThread "pool-1-thread-1"                   [_thread_blocked, id=19164, stack(0x000000404f000000,0x000000404f100000) (1024K)]
  0x000001c5e6380a80 JavaThread "Java Debug Server"          daemon [_thread_in_native, id=6660, stack(0x000000404d300000,0x000000404d400000) (1024K)]
  0x000001c5e6383f00 JavaThread "pool-4-thread-1"                   [_thread_in_native, id=49764, stack(0x000000404d400000,0x000000404d500000) (1024K)]
  0x000001c5e6384590 JavaThread "RxSchedulerPurge-1"         daemon [_thread_blocked, id=44316, stack(0x000000404ec00000,0x000000404ed00000) (1024K)]
  0x000001c5e6381110 JavaThread "RxCachedWorkerPoolEvictor-1" daemon [_thread_blocked, id=34140, stack(0x000000404ed00000,0x000000404ee00000) (1024K)]
  0x000001c5e63852b0 JavaThread "process reaper (pid 47272)" daemon [_thread_in_native, id=34056, stack(0x000000404a340000,0x000000404a360000) (128K)]
  0x000001c5e6385fd0 JavaThread "Worker-14"                         [_thread_blocked, id=12880, stack(0x000000404a800000,0x000000404a900000) (1024K)]
  0x000001c5e6387a10 JavaThread "RxNewThreadScheduler-7"     daemon [_thread_blocked, id=16076, stack(0x000000404ce00000,0x000000404cf00000) (1024K)]
  0x000001c5e3e8f580 JavaThread "Worker-16"                         [_thread_blocked, id=27808, stack(0x000000404d000000,0x000000404d100000) (1024K)]
Total: 48

Other Threads:
  0x000001c5dab246b0 VMThread "VM Thread"                           [id=42020, stack(0x000000404ac00000,0x000000404ad00000) (1024K)]
  0x000001c5985dca00 WatcherThread "VM Periodic Task Thread"        [id=17292, stack(0x000000404ab00000,0x000000404ac00000) (1024K)]
  0x000001c581c78470 WorkerThread "GC Thread#0"                     [id=36944, stack(0x000000404aa00000,0x000000404ab00000) (1024K)]
  0x000001c5dc533030 WorkerThread "GC Thread#1"                     [id=34212, stack(0x000000404bb00000,0x000000404bc00000) (1024K)]
  0x000001c5dc5333d0 WorkerThread "GC Thread#2"                     [id=49128, stack(0x000000404bc00000,0x000000404bd00000) (1024K)]
  0x000001c5dc533770 WorkerThread "GC Thread#3"                     [id=5456, stack(0x000000404bd00000,0x000000404be00000) (1024K)]
  0x000001c5dc533b10 WorkerThread "GC Thread#4"                     [id=20320, stack(0x000000404be00000,0x000000404bf00000) (1024K)]
  0x000001c5dc533eb0 WorkerThread "GC Thread#5"                     [id=34184, stack(0x000000404bf00000,0x000000404c000000) (1024K)]
  0x000001c5e10fa620 WorkerThread "GC Thread#6"                     [id=46492, stack(0x000000404c000000,0x000000404c100000) (1024K)]
  0x000001c5e11ca580 WorkerThread "GC Thread#7"                     [id=44308, stack(0x000000404c400000,0x000000404c500000) (1024K)]
  0x000001c5e15236f0 WorkerThread "GC Thread#8"                     [id=45832, stack(0x000000404ba00000,0x000000404bb00000) (1024K)]
  0x000001c5e158d3e0 WorkerThread "GC Thread#9"                     [id=48708, stack(0x000000404c100000,0x000000404c200000) (1024K)]
  0x000001c5e158dec0 WorkerThread "GC Thread#10"                    [id=24776, stack(0x000000404c200000,0x000000404c300000) (1024K)]
  0x000001c5e158e600 WorkerThread "GC Thread#11"                    [id=13288, stack(0x000000404c500000,0x000000404c600000) (1024K)]
  0x000001c5e158d040 WorkerThread "GC Thread#12"                    [id=41004, stack(0x000000404c600000,0x000000404c700000) (1024K)]
Total: 15

Threads with active compile tasks:
Total: 0

VM state: not at safepoint (normal execution)

VM Mutex/Monitor currently owned by a thread: None

Heap address: 0x0000000080000000, size: 2048 MB, Compressed Oops mode: 32-bit

CDS archive(s) mapped at: [0x000001c599000000-0x000001c599ba0000-0x000001c599ba0000), size 12189696, SharedBaseAddress: 0x000001c599000000, ArchiveRelocationMode: 1.
Compressed class space mapped at: 0x000001c59a000000-0x000001c5da000000, reserved size: 1073741824
Narrow klass base: 0x000001c599000000, Narrow klass shift: 0, Narrow klass range: 0x100000000

GC Precious Log:
 CardTable entry size: 512
 CPUs: 16 total, 16 available
 Memory: 15711M
 Large Page Support: Disabled
 NUMA Support: Disabled
 Compressed Oops: Enabled (32-bit)
 Alignments: Space 512K, Generation 512K, Heap 2M
 Heap Min Capacity: 100M
 Heap Initial Capacity: 100M
 Heap Max Capacity: 2G
 Pre-touch: Disabled
 Parallel Workers: 13

Heap:
 PSYoungGen      total 17920K, used 10408K [0x00000000d5580000, 0x00000000d7800000, 0x0000000100000000)
  eden space 17408K, 57% used [0x00000000d5580000,0x00000000d5f32008,0x00000000d6680000)
  from space 512K, 93% used [0x00000000d7780000,0x00000000d77f8030,0x00000000d7800000)
  to   space 1024K, 0% used [0x00000000d7600000,0x00000000d7600000,0x00000000d7700000)
 ParOldGen       total 268288K, used 268025K [0x0000000080000000, 0x0000000090600000, 0x00000000d5580000)
  object space 268288K, 99% used [0x0000000080000000,0x00000000905be580,0x0000000090600000)
 Metaspace       used 78216K, committed 79936K, reserved 1179648K
  class space    used 8335K, committed 9088K, reserved 1048576K

Card table byte_map: [0x000001c581620000,0x000001c581a30000] _byte_map_base: 0x000001c581220000

Marking Bits: (ParMarkBitMap*) 0x00007ff9782c2460
 Begin Bits: [0x000001c594100000, 0x000001c596100000)
 End Bits:   [0x000001c596100000, 0x000001c598100000)

Polling page: 0x000001c581410000

Metaspace:

Usage:
  Non-class:     68.24 MB used.
      Class:      8.14 MB used.
       Both:     76.38 MB used.

Virtual space:
  Non-class space:      128.00 MB reserved,      69.19 MB ( 54%) committed,  2 nodes.
      Class space:        1.00 GB reserved,       8.88 MB ( <1%) committed,  1 nodes.
             Both:        1.12 GB reserved,      78.06 MB (  7%) committed. 

Chunk freelists:
   Non-Class:  9.73 MB
       Class:  7.16 MB
        Both:  16.89 MB

MaxMetaspaceSize: unlimited
CompressedClassSpaceSize: 1.00 GB
Initial GC threshold: 21.00 MB
Current GC threshold: 97.31 MB
CDS: on
 - commit_granule_bytes: 65536.
 - commit_granule_words: 8192.
 - virtual_space_node_default_size: 8388608.
 - enlarge_chunks_in_place: 1.
 - use_allocation_guard: 0.


Internal statistics:

num_allocs_failed_limit: 13.
num_arena_births: 1464.
num_arena_deaths: 14.
num_vsnodes_births: 3.
num_vsnodes_deaths: 0.
num_space_committed: 1249.
num_space_uncommitted: 0.
num_chunks_returned_to_freelist: 27.
num_chunks_taken_from_freelist: 5092.
num_chunk_merges: 16.
num_chunk_splits: 3086.
num_chunks_enlarged: 1663.
num_inconsistent_stats: 0.

CodeHeap 'non-profiled nmethods': size=119168Kb used=11386Kb max_used=11386Kb free=107781Kb
 bounds [0x000001c58c9f0000, 0x000001c58d510000, 0x000001c593e50000]
CodeHeap 'profiled nmethods': size=119104Kb used=34793Kb max_used=34793Kb free=84310Kb
 bounds [0x000001c584e50000, 0x000001c587050000, 0x000001c58c2a0000]
CodeHeap 'non-nmethods': size=7488Kb used=1510Kb max_used=3238Kb free=5978Kb
 bounds [0x000001c58c2a0000, 0x000001c58c610000, 0x000001c58c9f0000]
CodeCache: size=245760Kb, used=47689Kb, max_used=49417Kb, free=198069Kb
 total_blobs=15539, nmethods=14710, adapters=732, full_count=0
Compilation: enabled, stopped_count=0, restarted_count=0

Compilation events (20 events):
Event: 4686.358 Thread 0x000001c5dab2a470 15560       4       java.util.concurrent.ScheduledThreadPoolExecutor$DelayedWorkQueue::add (9 bytes)
Event: 4686.487 Thread 0x000001c5dab2a470 nmethod 15560 0x000001c58d50bb10 code [0x000001c58d50bd40, 0x000001c58d50c2c0]
Event: 4686.487 Thread 0x000001c5dab2a470 15561       4       java.util.concurrent.ThreadPoolExecutor::ensurePrestart (41 bytes)
Event: 4686.555 Thread 0x000001c5dab2a470 nmethod 15561 0x000001c58d50c890 code [0x000001c58d50ca20, 0x000001c58d50cb28]
Event: 4689.361 Thread 0x000001c5dab2a470 15562       4       java.util.concurrent.ScheduledThreadPoolExecutor$ScheduledFutureTask::run (57 bytes)
Event: 4689.439 Thread 0x000001c5dab2a470 nmethod 15562 0x000001c58d50cc10 code [0x000001c58d50cee0, 0x000001c58d50daa8]
Event: 5281.563 Thread 0x000001c5dab2cbd0 15563   !   3       java.lang.ref.ReferenceQueue::remove (61 bytes)
Event: 5281.576 Thread 0x000001c5dab2cbd0 nmethod 15563 0x000001c587046890 code [0x000001c587046b20, 0x000001c5870476a8]
Event: 5281.576 Thread 0x000001c5dab2cbd0 15564       3       java.lang.ref.ReferenceQueue::remove0 (64 bytes)
Event: 5281.581 Thread 0x000001c5dab2cbd0 nmethod 15564 0x000001c587047a90 code [0x000001c587047ca0, 0x000001c587048120]
Event: 5299.366 Thread 0x000001c5dab2a470 15565       4       java.util.concurrent.ConcurrentHashMap::keySet (26 bytes)
Event: 5299.374 Thread 0x000001c5dab2a470 nmethod 15565 0x000001c58d50e710 code [0x000001c58d50e8a0, 0x000001c58d50e9c0]
Event: 5458.860 Thread 0x000001c5dab2cbd0 15566   !   3       java.util.logging.LogManager::getUserContext (118 bytes)
Event: 5458.874 Thread 0x000001c5dab2cbd0 nmethod 15566 0x000001c587048290 code [0x000001c587048440, 0x000001c5870486b0]
Event: 5458.874 Thread 0x000001c5dab2cbd0 15567       3       jdk.internal.access.SharedSecrets::getJavaAWTAccess (4 bytes)
Event: 5458.875 Thread 0x000001c5dab2cbd0 nmethod 15567 0x000001c587048810 code [0x000001c5870489a0, 0x000001c587048a98]
Event: 5638.882 Thread 0x000001c5dab2cbd0 15568       3       java.lang.ref.ReferenceQueue::await (15 bytes)
Event: 5638.894 Thread 0x000001c5dab2cbd0 nmethod 15568 0x000001c587048b10 code [0x000001c587048cc0, 0x000001c587048e60]
Event: 5870.082 Thread 0x000001c5dab2cbd0 15569       3       java.util.concurrent.locks.AbstractQueuedSynchronizer$ConditionObject::await (202 bytes)
Event: 5870.121 Thread 0x000001c5dab2cbd0 nmethod 15569 0x000001c587048f90 code [0x000001c587049280, 0x000001c58704a0b0]

GC Heap History (20 events):
Event: 1382.366 GC heap before
{Heap before GC invocations=96 (full 3):
 PSYoungGen      total 20992K, used 20963K [0x00000000d5580000, 0x00000000d7080000, 0x0000000100000000)
  eden space 17408K, 100% used [0x00000000d5580000,0x00000000d6680000,0x00000000d6680000)
  from space 3584K, 99% used [0x00000000d6b00000,0x00000000d6e78e20,0x00000000d6e80000)
  to   space 4608K, 0% used [0x00000000d6680000,0x00000000d6680000,0x00000000d6b00000)
 ParOldGen       total 208896K, used 208468K [0x0000000080000000, 0x000000008cc00000, 0x00000000d5580000)
  object space 208896K, 99% used [0x0000000080000000,0x000000008cb95260,0x000000008cc00000)
 Metaspace       used 76808K, committed 78464K, reserved 1179648K
  class space    used 8311K, committed 9088K, reserved 1048576K
}
Event: 1382.380 GC heap after
{Heap after GC invocations=96 (full 3):
 PSYoungGen      total 22016K, used 4594K [0x00000000d5580000, 0x00000000d9180000, 0x0000000100000000)
  eden space 17408K, 0% used [0x00000000d5580000,0x00000000d5580000,0x00000000d6680000)
  from space 4608K, 99% used [0x00000000d6680000,0x00000000d6afcbe8,0x00000000d6b00000)
  to   space 22016K, 0% used [0x00000000d7c00000,0x00000000d7c00000,0x00000000d9180000)
 ParOldGen       total 223232K, used 223011K [0x0000000080000000, 0x000000008da00000, 0x00000000d5580000)
  object space 223232K, 99% used [0x0000000080000000,0x000000008d9c8d18,0x000000008da00000)
 Metaspace       used 76808K, committed 78464K, reserved 1179648K
  class space    used 8311K, committed 9088K, reserved 1048576K
}
Event: 1382.936 GC heap before
{Heap before GC invocations=97 (full 3):
 PSYoungGen      total 22016K, used 21849K [0x00000000d5580000, 0x00000000d9180000, 0x0000000100000000)
  eden space 17408K, 99% used [0x00000000d5580000,0x00000000d66599b0,0x00000000d6680000)
  from space 4608K, 99% used [0x00000000d6680000,0x00000000d6afcbe8,0x00000000d6b00000)
  to   space 22016K, 0% used [0x00000000d7c00000,0x00000000d7c00000,0x00000000d9180000)
 ParOldGen       total 223232K, used 223011K [0x0000000080000000, 0x000000008da00000, 0x00000000d5580000)
  object space 223232K, 99% used [0x0000000080000000,0x000000008d9c8d18,0x000000008da00000)
 Metaspace       used 77249K, committed 78976K, reserved 1179648K
  class space    used 8317K, committed 9088K, reserved 1048576K
}
Event: 1382.948 GC heap after
{Heap after GC invocations=97 (full 3):
 PSYoungGen      total 23552K, used 5672K [0x00000000d5580000, 0x00000000d8200000, 0x0000000100000000)
  eden space 17408K, 0% used [0x00000000d5580000,0x00000000d5580000,0x00000000d6680000)
  from space 6144K, 92% used [0x00000000d7c00000,0x00000000d818a020,0x00000000d8200000)
  to   space 10752K, 0% used [0x00000000d6d00000,0x00000000d6d00000,0x00000000d7780000)
 ParOldGen       total 227840K, used 227502K [0x0000000080000000, 0x000000008de80000, 0x00000000d5580000)
  object space 227840K, 99% used [0x0000000080000000,0x000000008de2bb70,0x000000008de80000)
 Metaspace       used 77249K, committed 78976K, reserved 1179648K
  class space    used 8317K, committed 9088K, reserved 1048576K
}
Event: 1383.460 GC heap before
{Heap before GC invocations=98 (full 3):
 PSYoungGen      total 23552K, used 23080K [0x00000000d5580000, 0x00000000d8200000, 0x0000000100000000)
  eden space 17408K, 100% used [0x00000000d5580000,0x00000000d6680000,0x00000000d6680000)
  from space 6144K, 92% used [0x00000000d7c00000,0x00000000d818a020,0x00000000d8200000)
  to   space 10752K, 0% used [0x00000000d6d00000,0x00000000d6d00000,0x00000000d7780000)
 ParOldGen       total 227840K, used 227502K [0x0000000080000000, 0x000000008de80000, 0x00000000d5580000)
  object space 227840K, 99% used [0x0000000080000000,0x000000008de2bb70,0x000000008de80000)
 Metaspace       used 77587K, committed 79360K, reserved 1179648K
  class space    used 8331K, committed 9088K, reserved 1048576K
}
Event: 1383.472 GC heap after
{Heap after GC invocations=98 (full 3):
 PSYoungGen      total 28160K, used 10739K [0x00000000d5580000, 0x00000000d8b80000, 0x0000000100000000)
  eden space 17408K, 0% used [0x00000000d5580000,0x00000000d5580000,0x00000000d6680000)
  from space 10752K, 99% used [0x00000000d6d00000,0x00000000d777ce20,0x00000000d7780000)
  to   space 18944K, 0% used [0x00000000d7900000,0x00000000d7900000,0x00000000d8b80000)
 ParOldGen       total 233472K, used 233255K [0x0000000080000000, 0x000000008e400000, 0x00000000d5580000)
  object space 233472K, 99% used [0x0000000080000000,0x000000008e3c9f98,0x000000008e400000)
 Metaspace       used 77587K, committed 79360K, reserved 1179648K
  class space    used 8331K, committed 9088K, reserved 1048576K
}
Event: 1433.188 GC heap before
{Heap before GC invocations=99 (full 3):
 PSYoungGen      total 28160K, used 28121K [0x00000000d5580000, 0x00000000d8b80000, 0x0000000100000000)
  eden space 17408K, 99% used [0x00000000d5580000,0x00000000d6679668,0x00000000d6680000)
  from space 10752K, 99% used [0x00000000d6d00000,0x00000000d777ce20,0x00000000d7780000)
  to   space 18944K, 0% used [0x00000000d7900000,0x00000000d7900000,0x00000000d8b80000)
 ParOldGen       total 257024K, used 256295K [0x0000000080000000, 0x000000008fb00000, 0x00000000d5580000)
  object space 257024K, 99% used [0x0000000080000000,0x000000008fa49fb8,0x000000008fb00000)
 Metaspace       used 77697K, committed 79424K, reserved 1179648K
  class space    used 8332K, committed 9088K, reserved 1048576K
}
Event: 1433.197 GC heap after
{Heap after GC invocations=99 (full 3):
 PSYoungGen      total 17920K, used 480K [0x00000000d5580000, 0x00000000d7980000, 0x0000000100000000)
  eden space 17408K, 0% used [0x00000000d5580000,0x00000000d5580000,0x00000000d6680000)
  from space 512K, 93% used [0x00000000d7900000,0x00000000d7978020,0x00000000d7980000)
  to   space 6656K, 0% used [0x00000000d6c80000,0x00000000d6c80000,0x00000000d7300000)
 ParOldGen       total 267264K, used 267041K [0x0000000080000000, 0x0000000090500000, 0x00000000d5580000)
  object space 267264K, 99% used [0x0000000080000000,0x00000000904c8420,0x0000000090500000)
 Metaspace       used 77697K, committed 79424K, reserved 1179648K
  class space    used 8332K, committed 9088K, reserved 1048576K
}
Event: 1687.367 GC heap before
{Heap before GC invocations=100 (full 3):
 PSYoungGen      total 17920K, used 17888K [0x00000000d5580000, 0x00000000d7980000, 0x0000000100000000)
  eden space 17408K, 99% used [0x00000000d5580000,0x00000000d667ffe8,0x00000000d6680000)
  from space 512K, 93% used [0x00000000d7900000,0x00000000d7978020,0x00000000d7980000)
  to   space 6656K, 0% used [0x00000000d6c80000,0x00000000d6c80000,0x00000000d7300000)
 ParOldGen       total 267264K, used 267041K [0x0000000080000000, 0x0000000090500000, 0x00000000d5580000)
  object space 267264K, 99% used [0x0000000080000000,0x00000000904c8420,0x0000000090500000)
 Metaspace       used 77771K, committed 79552K, reserved 1179648K
  class space    used 8332K, committed 9088K, reserved 1048576K
}
Event: 1687.377 GC heap after
{Heap after GC invocations=100 (full 3):
 PSYoungGen      total 24064K, used 560K [0x00000000d5580000, 0x00000000d7980000, 0x0000000100000000)
  eden space 17408K, 0% used [0x00000000d5580000,0x00000000d5580000,0x00000000d6680000)
  from space 6656K, 8% used [0x00000000d6c80000,0x00000000d6d0c070,0x00000000d7300000)
  to   space 1536K, 0% used [0x00000000d7800000,0x00000000d7800000,0x00000000d7980000)
 ParOldGen       total 267264K, used 267121K [0x0000000080000000, 0x0000000090500000, 0x00000000d5580000)
  object space 267264K, 99% used [0x0000000080000000,0x00000000904dc420,0x0000000090500000)
 Metaspace       used 77771K, committed 79552K, reserved 1179648K
  class space    used 8332K, committed 9088K, reserved 1048576K
}
Event: 3115.747 GC heap before
{Heap before GC invocations=101 (full 3):
 PSYoungGen      total 24064K, used 17968K [0x00000000d5580000, 0x00000000d7980000, 0x0000000100000000)
  eden space 17408K, 100% used [0x00000000d5580000,0x00000000d6680000,0x00000000d6680000)
  from space 6656K, 8% used [0x00000000d6c80000,0x00000000d6d0c070,0x00000000d7300000)
  to   space 1536K, 0% used [0x00000000d7800000,0x00000000d7800000,0x00000000d7980000)
 ParOldGen       total 267264K, used 267121K [0x0000000080000000, 0x0000000090500000, 0x00000000d5580000)
  object space 267264K, 99% used [0x0000000080000000,0x00000000904dc420,0x0000000090500000)
 Metaspace       used 77871K, committed 79616K, reserved 1179648K
  class space    used 8332K, committed 9088K, reserved 1048576K
}
Event: 3115.768 GC heap after
{Heap after GC invocations=101 (full 3):
 PSYoungGen      total 18432K, used 512K [0x00000000d5580000, 0x00000000d7900000, 0x0000000100000000)
  eden space 17408K, 0% used [0x00000000d5580000,0x00000000d5580000,0x00000000d6680000)
  from space 1024K, 50% used [0x00000000d7800000,0x00000000d7880020,0x00000000d7900000)
  to   space 1024K, 0% used [0x00000000d7700000,0x00000000d7700000,0x00000000d7800000)
 ParOldGen       total 267776K, used 267433K [0x0000000080000000, 0x0000000090580000, 0x00000000d5580000)
  object space 267776K, 99% used [0x0000000080000000,0x000000009052a4d0,0x0000000090580000)
 Metaspace       used 77871K, committed 79616K, reserved 1179648K
  class space    used 8332K, committed 9088K, reserved 1048576K
}
Event: 3149.378 GC heap before
{Heap before GC invocations=102 (full 3):
 PSYoungGen      total 18432K, used 17920K [0x00000000d5580000, 0x00000000d7900000, 0x0000000100000000)
  eden space 17408K, 100% used [0x00000000d5580000,0x00000000d6680000,0x00000000d6680000)
  from space 1024K, 50% used [0x00000000d7800000,0x00000000d7880020,0x00000000d7900000)
  to   space 1024K, 0% used [0x00000000d7700000,0x00000000d7700000,0x00000000d7800000)
 ParOldGen       total 267776K, used 267433K [0x0000000080000000, 0x0000000090580000, 0x00000000d5580000)
  object space 267776K, 99% used [0x0000000080000000,0x000000009052a4d0,0x0000000090580000)
 Metaspace       used 77952K, committed 79744K, reserved 1179648K
  class space    used 8332K, committed 9088K, reserved 1048576K
}
Event: 3149.390 GC heap after
{Heap after GC invocations=102 (full 3):
 PSYoungGen      total 17920K, used 496K [0x00000000d5580000, 0x00000000d7880000, 0x0000000100000000)
  eden space 17408K, 0% used [0x00000000d5580000,0x00000000d5580000,0x00000000d6680000)
  from space 512K, 96% used [0x00000000d7700000,0x00000000d777c030,0x00000000d7780000)
  to   space 1024K, 0% used [0x00000000d7780000,0x00000000d7780000,0x00000000d7880000)
 ParOldGen       total 267776K, used 267569K [0x0000000080000000, 0x0000000090580000, 0x00000000d5580000)
  object space 267776K, 99% used [0x0000000080000000,0x000000009054c500,0x0000000090580000)
 Metaspace       used 77952K, committed 79744K, reserved 1179648K
  class space    used 8332K, committed 9088K, reserved 1048576K
}
Event: 3300.381 GC heap before
{Heap before GC invocations=103 (full 3):
 PSYoungGen      total 17920K, used 17904K [0x00000000d5580000, 0x00000000d7880000, 0x0000000100000000)
  eden space 17408K, 100% used [0x00000000d5580000,0x00000000d6680000,0x00000000d6680000)
  from space 512K, 96% used [0x00000000d7700000,0x00000000d777c030,0x00000000d7780000)
  to   space 1024K, 0% used [0x00000000d7780000,0x00000000d7780000,0x00000000d7880000)
 ParOldGen       total 267776K, used 267569K [0x0000000080000000, 0x0000000090580000, 0x00000000d5580000)
  object space 267776K, 99% used [0x0000000080000000,0x000000009054c500,0x0000000090580000)
 Metaspace       used 77979K, committed 79744K, reserved 1179648K
  class space    used 8333K, committed 9088K, reserved 1048576K
}
Event: 3300.394 GC heap after
{Heap after GC invocations=103 (full 3):
 PSYoungGen      total 18432K, used 528K [0x00000000d5580000, 0x00000000d7880000, 0x0000000100000000)
  eden space 17408K, 0% used [0x00000000d5580000,0x00000000d5580000,0x00000000d6680000)
  from space 1024K, 51% used [0x00000000d7780000,0x00000000d7804030,0x00000000d7880000)
  to   space 1024K, 0% used [0x00000000d7680000,0x00000000d7680000,0x00000000d7780000)
 ParOldGen       total 267776K, used 267721K [0x0000000080000000, 0x0000000090580000, 0x00000000d5580000)
  object space 267776K, 99% used [0x0000000080000000,0x0000000090572530,0x0000000090580000)
 Metaspace       used 77979K, committed 79744K, reserved 1179648K
  class space    used 8333K, committed 9088K, reserved 1048576K
}
Event: 3563.755 GC heap before
{Heap before GC invocations=104 (full 3):
 PSYoungGen      total 18432K, used 17936K [0x00000000d5580000, 0x00000000d7880000, 0x0000000100000000)
  eden space 17408K, 100% used [0x00000000d5580000,0x00000000d6680000,0x00000000d6680000)
  from space 1024K, 51% used [0x00000000d7780000,0x00000000d7804030,0x00000000d7880000)
  to   space 1024K, 0% used [0x00000000d7680000,0x00000000d7680000,0x00000000d7780000)
 ParOldGen       total 267776K, used 267721K [0x0000000080000000, 0x0000000090580000, 0x00000000d5580000)
  object space 267776K, 99% used [0x0000000080000000,0x0000000090572530,0x0000000090580000)
 Metaspace       used 78107K, committed 79872K, reserved 1179648K
  class space    used 8333K, committed 9088K, reserved 1048576K
}
Event: 3563.773 GC heap after
{Heap after GC invocations=104 (full 3):
 PSYoungGen      total 18432K, used 480K [0x00000000d5580000, 0x00000000d7800000, 0x0000000100000000)
  eden space 17408K, 0% used [0x00000000d5580000,0x00000000d5580000,0x00000000d6680000)
  from space 1024K, 46% used [0x00000000d7680000,0x00000000d76f8000,0x00000000d7780000)
  to   space 512K, 0% used [0x00000000d7780000,0x00000000d7780000,0x00000000d7800000)
 ParOldGen       total 268288K, used 267873K [0x0000000080000000, 0x0000000090600000, 0x00000000d5580000)
  object space 268288K, 99% used [0x0000000080000000,0x0000000090598570,0x0000000090600000)
 Metaspace       used 78107K, committed 79872K, reserved 1179648K
  class space    used 8333K, committed 9088K, reserved 1048576K
}
Event: 3580.205 GC heap before
{Heap before GC invocations=105 (full 3):
 PSYoungGen      total 18432K, used 17887K [0x00000000d5580000, 0x00000000d7800000, 0x0000000100000000)
  eden space 17408K, 99% used [0x00000000d5580000,0x00000000d667ffd8,0x00000000d6680000)
  from space 1024K, 46% used [0x00000000d7680000,0x00000000d76f8000,0x00000000d7780000)
  to   space 512K, 0% used [0x00000000d7780000,0x00000000d7780000,0x00000000d7800000)
 ParOldGen       total 268288K, used 267873K [0x0000000080000000, 0x0000000090600000, 0x00000000d5580000)
  object space 268288K, 99% used [0x0000000080000000,0x0000000090598570,0x0000000090600000)
 Metaspace       used 78175K, committed 79936K, reserved 1179648K
  class space    used 8334K, committed 9088K, reserved 1048576K
}
Event: 3580.210 GC heap after
{Heap after GC invocations=105 (full 3):
 PSYoungGen      total 17920K, used 480K [0x00000000d5580000, 0x00000000d7800000, 0x0000000100000000)
  eden space 17408K, 0% used [0x00000000d5580000,0x00000000d5580000,0x00000000d6680000)
  from space 512K, 93% used [0x00000000d7780000,0x00000000d77f8030,0x00000000d7800000)
  to   space 1024K, 0% used [0x00000000d7600000,0x00000000d7600000,0x00000000d7700000)
 ParOldGen       total 268288K, used 268025K [0x0000000080000000, 0x0000000090600000, 0x00000000d5580000)
  object space 268288K, 99% used [0x0000000080000000,0x00000000905be580,0x0000000090600000)
 Metaspace       used 78175K, committed 79936K, reserved 1179648K
  class space    used 8334K, committed 9088K, reserved 1048576K
}

Dll operation events (12 events):
Event: 0.476 Loaded shared library c:\Users\govin\.vscode\extensions\redhat.java-1.52.0-win32-x64\jre\21.0.9-win32-x86_64\bin\java.dll
Event: 0.712 Loaded shared library c:\Users\govin\.vscode\extensions\redhat.java-1.52.0-win32-x64\jre\21.0.9-win32-x86_64\bin\zip.dll
Event: 0.750 Loaded shared library C:\Users\govin\.vscode\extensions\redhat.java-1.52.0-win32-x64\jre\21.0.9-win32-x86_64\bin\instrument.dll
Event: 0.862 Loaded shared library C:\Users\govin\.vscode\extensions\redhat.java-1.52.0-win32-x64\jre\21.0.9-win32-x86_64\bin\net.dll
Event: 0.966 Loaded shared library C:\Users\govin\.vscode\extensions\redhat.java-1.52.0-win32-x64\jre\21.0.9-win32-x86_64\bin\nio.dll
Event: 0.972 Loaded shared library C:\Users\govin\.vscode\extensions\redhat.java-1.52.0-win32-x64\jre\21.0.9-win32-x86_64\bin\zip.dll
Event: 1.002 Loaded shared library C:\Users\govin\.vscode\extensions\redhat.java-1.52.0-win32-x64\jre\21.0.9-win32-x86_64\bin\jimage.dll
Event: 1.230 Loaded shared library c:\Users\govin\.vscode\extensions\redhat.java-1.52.0-win32-x64\jre\21.0.9-win32-x86_64\bin\verify.dll
Event: 21.509 Loaded shared library C:\Users\govin\AppData\Roaming\Code\User\globalStorage\redhat.java\1.52.0\config_win\org.eclipse.equinox.launcher\org.eclipse.equinox.launcher.win32.win32.x86_64_1.2.1500.v20260121-1430\eclipse_11919.dll
Event: 45.480 Loaded shared library C:\Users\govin\AppData\Local\Temp\jna-98546227\jna8584525666778650827.dll
Event: 48.272 Loaded shared library C:\Users\govin\.vscode\extensions\redhat.java-1.52.0-win32-x64\jre\21.0.9-win32-x86_64\bin\sunmscapi.dll
Event: 49.605 Loaded shared library C:\Users\govin\.vscode\extensions\redhat.java-1.52.0-win32-x64\jre\21.0.9-win32-x86_64\bin\extnet.dll

Deoptimization events (20 events):
Event: 3576.279 Thread 0x000001c5e3e8f580 Uncommon trap: trap_request=0xffffffd6 fr.pc=0x000001c58d4ea3dc relative=0x00000000000003bc
Event: 3576.279 Thread 0x000001c5e3e8f580 Uncommon trap: reason=array_check action=maybe_recompile pc=0x000001c58d4ea3dc method=org.eclipse.sisu.plexus.CompositeBeanHelper.findMethod(Ljava/lang/Class;[Ljava/lang/reflect/Type;Ljava/lang/String;Ljava/lang/Class;)Ljava/lang/reflect/Method; @ 110 c2
Event: 3576.279 Thread 0x000001c5e3e8f580 DEOPT PACKING pc=0x000001c58d4ea3dc sp=0x000000404d0fd230
Event: 3576.279 Thread 0x000001c5e3e8f580 DEOPT UNPACKING pc=0x000001c58c2f3aa2 sp=0x000000404d0fd1b0 mode 2
Event: 4687.363 Thread 0x000001c5e6384590 Uncommon trap: trap_request=0xffffffd6 fr.pc=0x000001c58d50c040 relative=0x0000000000000300
Event: 4687.384 Thread 0x000001c5e6384590 Uncommon trap: reason=array_check action=maybe_recompile pc=0x000001c58d50c040 method=java.util.concurrent.ScheduledThreadPoolExecutor$DelayedWorkQueue.offer(Ljava/lang/Runnable;)Z @ 65 c2
Event: 4687.384 Thread 0x000001c5e6384590 DEOPT PACKING pc=0x000001c58d50c040 sp=0x000000404ecfee10
Event: 4687.386 Thread 0x000001c5e6384590 DEOPT UNPACKING pc=0x000001c58c2f3aa2 sp=0x000000404ecfecb0 mode 2
Event: 4687.954 Thread 0x000001c5e5c0ea30 Uncommon trap: trap_request=0xffffffd6 fr.pc=0x000001c58d50c040 relative=0x0000000000000300
Event: 4687.954 Thread 0x000001c5e5c0ea30 Uncommon trap: reason=array_check action=maybe_recompile pc=0x000001c58d50c040 method=java.util.concurrent.ScheduledThreadPoolExecutor$DelayedWorkQueue.offer(Ljava/lang/Runnable;)Z @ 65 c2
Event: 4687.954 Thread 0x000001c5e5c0ea30 DEOPT PACKING pc=0x000001c58d50c040 sp=0x000000404ebfeed0
Event: 4688.106 Thread 0x000001c5e5c0ea30 DEOPT UNPACKING pc=0x000001c58c2f3aa2 sp=0x000000404ebfed70 mode 2
Event: 4688.360 Thread 0x000001c5e6384590 Uncommon trap: trap_request=0xffffffd6 fr.pc=0x000001c58d50c040 relative=0x0000000000000300
Event: 4688.360 Thread 0x000001c5e6384590 Uncommon trap: reason=array_check action=maybe_recompile pc=0x000001c58d50c040 method=java.util.concurrent.ScheduledThreadPoolExecutor$DelayedWorkQueue.offer(Ljava/lang/Runnable;)Z @ 65 c2
Event: 4688.360 Thread 0x000001c5e6384590 DEOPT PACKING pc=0x000001c58d50c040 sp=0x000000404ecfee10
Event: 4688.360 Thread 0x000001c5e6384590 DEOPT UNPACKING pc=0x000001c58c2f3aa2 sp=0x000000404ecfecb0 mode 2
Event: 4689.361 Thread 0x000001c5e6384590 Uncommon trap: trap_request=0xffffffd6 fr.pc=0x000001c58d50c040 relative=0x0000000000000300
Event: 4689.361 Thread 0x000001c5e6384590 Uncommon trap: reason=array_check action=maybe_recompile pc=0x000001c58d50c040 method=java.util.concurrent.ScheduledThreadPoolExecutor$DelayedWorkQueue.offer(Ljava/lang/Runnable;)Z @ 65 c2
Event: 4689.361 Thread 0x000001c5e6384590 DEOPT PACKING pc=0x000001c58d50c040 sp=0x000000404ecfee10
Event: 4689.361 Thread 0x000001c5e6384590 DEOPT UNPACKING pc=0x000001c58c2f3aa2 sp=0x000000404ecfecb0 mode 2

Classes loaded (20 events):
Event: 813.335 Loading class java/util/stream/Nodes$CollectorTask done
Event: 813.335 Loading class java/util/stream/Nodes$CollectorTask$OfRef done
Event: 813.335 Loading class java/util/function/LongFunction
Event: 813.335 Loading class java/util/function/LongFunction done
Event: 813.336 Loading class java/util/stream/Nodes$ConcNode
Event: 813.337 Loading class java/util/stream/Nodes$AbstractConcNode
Event: 813.337 Loading class java/util/stream/Nodes$AbstractConcNode done
Event: 813.337 Loading class java/util/stream/Nodes$ConcNode done
Event: 813.346 Loading class java/io/ObjectOutputStream$BlockDataOutputStream
Event: 813.347 Loading class java/io/ObjectOutputStream$BlockDataOutputStream done
Event: 813.347 Loading class java/io/ObjectOutputStream$HandleTable
Event: 813.348 Loading class java/io/ObjectOutputStream$HandleTable done
Event: 813.348 Loading class java/io/ObjectOutputStream$ReplaceTable
Event: 813.348 Loading class java/io/ObjectOutputStream$ReplaceTable done
Event: 1381.992 Loading class sun/nio/fs/WindowsFileCopy
Event: 1382.026 Loading class sun/nio/fs/WindowsFileCopy done
Event: 1382.448 Loading class jdk/internal/module/IllegalAccessLogger
Event: 1382.448 Loading class jdk/internal/module/IllegalAccessLogger done
Event: 3392.491 Loading class java/nio/file/Path$1
Event: 3392.503 Loading class java/nio/file/Path$1 done

Classes unloaded (7 events):
Event: 46.418 Thread 0x000001c5dab246b0 Unloading class 0x000001c59a1a8c00 'java/lang/invoke/LambdaForm$MH+0x000001c59a1a8c00'
Event: 46.418 Thread 0x000001c5dab246b0 Unloading class 0x000001c59a1a8800 'java/lang/invoke/LambdaForm$MH+0x000001c59a1a8800'
Event: 46.418 Thread 0x000001c5dab246b0 Unloading class 0x000001c59a1a8400 'java/lang/invoke/LambdaForm$MH+0x000001c59a1a8400'
Event: 46.418 Thread 0x000001c5dab246b0 Unloading class 0x000001c59a1a8000 'java/lang/invoke/LambdaForm$MH+0x000001c59a1a8000'
Event: 46.418 Thread 0x000001c5dab246b0 Unloading class 0x000001c59a1a7c00 'java/lang/invoke/LambdaForm$BMH+0x000001c59a1a7c00'
Event: 46.418 Thread 0x000001c5dab246b0 Unloading class 0x000001c59a1a7800 'java/lang/invoke/LambdaForm$DMH+0x000001c59a1a7800'
Event: 46.418 Thread 0x000001c5dab246b0 Unloading class 0x000001c59a1a6400 'java/lang/invoke/LambdaForm$DMH+0x000001c59a1a6400'

Classes redefined (0 events):
No events

Internal exceptions (20 events):
Event: 3299.920 Thread 0x000001c5e63817a0 Exception <a 'sun/nio/fs/WindowsException'{0x00000000d5b13698}> (0x00000000d5b13698) 
thrown [s\src\hotspot\share\prims\jni.cpp, line 520]
Event: 3299.920 Thread 0x000001c5e63817a0 Exception <a 'sun/nio/fs/WindowsException'{0x00000000d5b141d8}> (0x00000000d5b141d8) 
thrown [s\src\hotspot\share\prims\jni.cpp, line 520]
Event: 3299.921 Thread 0x000001c5e63817a0 Exception <a 'sun/nio/fs/WindowsException'{0x00000000d5b15518}> (0x00000000d5b15518) 
thrown [s\src\hotspot\share\prims\jni.cpp, line 520]
Event: 3299.921 Thread 0x000001c5e63817a0 Exception <a 'sun/nio/fs/WindowsException'{0x00000000d5b16018}> (0x00000000d5b16018) 
thrown [s\src\hotspot\share\prims\jni.cpp, line 520]
Event: 3299.921 Thread 0x000001c5e63817a0 Exception <a 'sun/nio/fs/WindowsException'{0x00000000d5b17280}> (0x00000000d5b17280) 
thrown [s\src\hotspot\share\prims\jni.cpp, line 520]
Event: 3299.921 Thread 0x000001c5e63817a0 Exception <a 'sun/nio/fs/WindowsException'{0x00000000d5b17d80}> (0x00000000d5b17d80) 
thrown [s\src\hotspot\share\prims\jni.cpp, line 520]
Event: 3299.922 Thread 0x000001c5e63817a0 Exception <a 'sun/nio/fs/WindowsException'{0x00000000d5b190b0}> (0x00000000d5b190b0) 
thrown [s\src\hotspot\share\prims\jni.cpp, line 520]
Event: 3299.922 Thread 0x000001c5e63817a0 Exception <a 'sun/nio/fs/WindowsException'{0x00000000d5b19990}> (0x00000000d5b19990) 
thrown [s\src\hotspot\share\prims\jni.cpp, line 520]
Event: 3300.325 Thread 0x000001c5e63817a0 Exception <a 'sun/nio/fs/WindowsException'{0x00000000d65f5238}> (0x00000000d65f5238) 
thrown [s\src\hotspot\share\prims\jni.cpp, line 520]
Event: 3300.325 Thread 0x000001c5e63817a0 Exception <a 'sun/nio/fs/WindowsException'{0x00000000d65f5d38}> (0x00000000d65f5d38) 
thrown [s\src\hotspot\share\prims\jni.cpp, line 520]
Event: 3300.326 Thread 0x000001c5e63817a0 Exception <a 'sun/nio/fs/WindowsException'{0x00000000d65f7068}> (0x00000000d65f7068) 
thrown [s\src\hotspot\share\prims\jni.cpp, line 520]
Event: 3300.326 Thread 0x000001c5e63817a0 Exception <a 'sun/nio/fs/WindowsException'{0x00000000d65f7948}> (0x00000000d65f7948) 
thrown [s\src\hotspot\share\prims\jni.cpp, line 520]
Event: 3300.400 Thread 0x000001c5e6387a10 Exception <a 'sun/nio/fs/WindowsException'{0x00000000d5593090}> (0x00000000d5593090) 
thrown [s\src\hotspot\share\prims\jni.cpp, line 520]
Event: 3300.401 Thread 0x000001c5e6387a10 Exception <a 'sun/nio/fs/WindowsException'{0x00000000d5593700}> (0x00000000d5593700) 
thrown [s\src\hotspot\share\prims\jni.cpp, line 520]
Event: 3392.487 Thread 0x000001c5e6385fd0 Exception <a 'sun/nio/fs/WindowsException'{0x00000000d55cf310}> (0x00000000d55cf310) 
thrown [s\src\hotspot\share\prims\jni.cpp, line 520]
Event: 3392.488 Thread 0x000001c5e6385fd0 Exception <a 'sun/nio/fs/WindowsException'{0x00000000d55cf768}> (0x00000000d55cf768) 
thrown [s\src\hotspot\share\prims\jni.cpp, line 520]
Event: 3395.215 Thread 0x000001c5e6385fd0 Exception <a 'sun/nio/fs/WindowsException'{0x00000000d5ea34a0}> (0x00000000d5ea34a0) 
thrown [s\src\hotspot\share\prims\jni.cpp, line 520]
Event: 3395.216 Thread 0x000001c5e6385fd0 Exception <a 'sun/nio/fs/WindowsException'{0x00000000d5ea3f88}> (0x00000000d5ea3f88) 
thrown [s\src\hotspot\share\prims\jni.cpp, line 520]
Event: 4034.115 Thread 0x000001c5e6385fd0 Exception <a 'sun/nio/fs/WindowsException'{0x00000000d594acd8}> (0x00000000d594acd8) 
thrown [s\src\hotspot\share\prims\jni.cpp, line 520]
Event: 4034.117 Thread 0x000001c5e6385fd0 Exception <a 'sun/nio/fs/WindowsException'{0x00000000d5d7cd30}> (0x00000000d5d7cd30) 
thrown [s\src\hotspot\share\prims\jni.cpp, line 520]

ZGC Phase Switch (0 events):
No events

VM Operations (20 events):
Event: 5191.275 Executing VM operation: HandshakeAllThreads (HandshakeForDeflation)
Event: 5191.275 Executing VM operation: HandshakeAllThreads (HandshakeForDeflation) done
Event: 5191.275 Executing VM operation: RendezvousGCThreads
Event: 5191.275 Executing VM operation: RendezvousGCThreads done
Event: 5251.405 Executing VM operation: HandshakeAllThreads (HandshakeForDeflation)
Event: 5251.405 Executing VM operation: HandshakeAllThreads (HandshakeForDeflation) done
Event: 5251.405 Executing VM operation: RendezvousGCThreads
Event: 5251.405 Executing VM operation: RendezvousGCThreads done
Event: 5309.816 Executing VM operation: Cleanup
Event: 5309.816 Executing VM operation: Cleanup done
Event: 5491.890 Executing VM operation: HandshakeAllThreads (HandshakeForDeflation)
Event: 5491.891 Executing VM operation: HandshakeAllThreads (HandshakeForDeflation) done
Event: 5491.891 Executing VM operation: RendezvousGCThreads
Event: 5491.891 Executing VM operation: RendezvousGCThreads done
Event: 5612.191 Executing VM operation: HandshakeAllThreads (HandshakeForDeflation)
Event: 5612.192 Executing VM operation: HandshakeAllThreads (HandshakeForDeflation) done
Event: 5612.192 Executing VM operation: RendezvousGCThreads
Event: 5612.192 Executing VM operation: RendezvousGCThreads done
Event: 5642.385 Executing VM operation: Cleanup
Event: 5642.385 Executing VM operation: Cleanup done

Memory protections (0 events):
No events

Nmethod flushes (20 events):
Event: 57.502 Thread 0x000001c5dab246b0 flushing  nmethod 0x000001c58578fa10
Event: 57.502 Thread 0x000001c5dab246b0 flushing  nmethod 0x000001c585792a10
Event: 57.502 Thread 0x000001c5dab246b0 flushing  nmethod 0x000001c58579d290
Event: 57.502 Thread 0x000001c5dab246b0 flushing  nmethod 0x000001c58579dd90
Event: 57.502 Thread 0x000001c5dab246b0 flushing  nmethod 0x000001c5857a1090
Event: 57.502 Thread 0x000001c5dab246b0 flushing  nmethod 0x000001c5857a3390
Event: 57.502 Thread 0x000001c5dab246b0 flushing  nmethod 0x000001c5857a5590
Event: 57.502 Thread 0x000001c5dab246b0 flushing  nmethod 0x000001c5857d1710
Event: 57.502 Thread 0x000001c5dab246b0 flushing osr nmethod 0x000001c58581bc10
Event: 57.502 Thread 0x000001c5dab246b0 flushing  nmethod 0x000001c585834810
Event: 57.502 Thread 0x000001c5dab246b0 flushing  nmethod 0x000001c58584b310
Event: 57.502 Thread 0x000001c5dab246b0 flushing  nmethod 0x000001c58584db90
Event: 57.502 Thread 0x000001c5dab246b0 flushing  nmethod 0x000001c58584e510
Event: 57.502 Thread 0x000001c5dab246b0 flushing  nmethod 0x000001c58586f010
Event: 57.502 Thread 0x000001c5dab246b0 flushing  nmethod 0x000001c585870090
Event: 57.502 Thread 0x000001c5dab246b0 flushing  nmethod 0x000001c585870690
Event: 57.502 Thread 0x000001c5dab246b0 flushing  nmethod 0x000001c585870d90
Event: 57.502 Thread 0x000001c5dab246b0 flushing  nmethod 0x000001c585871610
Event: 57.502 Thread 0x000001c5dab246b0 flushing  nmethod 0x000001c585871990
Event: 57.502 Thread 0x000001c5dab246b0 flushing  nmethod 0x000001c585879a90

Events (20 events):
Event: 3420.385 Thread 0x000001c5e6385940 Thread exited: 0x000001c5e6385940
Event: 3455.178 Thread 0x000001c5e3e8e1d0 Thread exited: 0x000001c5e3e8e1d0
Event: 3455.525 Thread 0x000001c5e6381e30 Thread exited: 0x000001c5e6381e30
Event: 3480.394 Thread 0x000001c5e6386cf0 Thread exited: 0x000001c5e6386cf0
Event: 3563.469 Thread 0x000001c5e6385fd0 Thread added: 0x000001c5e3e8e1d0
Event: 3565.629 Thread 0x000001c5dab2cbd0 Thread added: 0x000001c5e66f6c00
Event: 3567.441 Thread 0x000001c5e3e8e1d0 Thread added: 0x000001c5e3e902a0
Event: 3567.685 Thread 0x000001c5dab2cbd0 Thread added: 0x000001c5e66f8070
Event: 3567.788 Thread 0x000001c5e66f6c00 Thread exited: 0x000001c5e66f6c00
Event: 3572.794 Thread 0x000001c5e66f8070 Thread exited: 0x000001c5e66f8070
Event: 3576.269 Thread 0x000001c5dab2cbd0 Thread added: 0x000001c5e66f6c00
Event: 3580.089 Thread 0x000001c5e66f6c00 Thread exited: 0x000001c5e66f6c00
Event: 3642.139 Thread 0x000001c5e3e902a0 Thread exited: 0x000001c5e3e902a0
Event: 3642.248 Thread 0x000001c5e3e8e1d0 Thread exited: 0x000001c5e3e8e1d0
Event: 4034.129 Thread 0x000001c5e6385fd0 Thread added: 0x000001c5e3e902a0
Event: 4034.132 Thread 0x000001c5e3e902a0 Thread exited: 0x000001c5e3e902a0
Event: 4034.195 Thread 0x000001c5e6385fd0 Thread added: 0x000001c5e3e902a0
Event: 4034.196 Thread 0x000001c5e3e902a0 Thread exited: 0x000001c5e3e902a0
Event: 4034.221 Thread 0x000001c5e6385fd0 Thread added: 0x000001c5e3e902a0
Event: 4094.338 Thread 0x000001c5e3e902a0 Thread exited: 0x000001c5e3e902a0


Dynamic libraries:
0x00007ff7cca80000 - 0x00007ff7cca8e000 	c:\Users\govin\.vscode\extensions\redhat.java-1.52.0-win32-x64\jre\21.0.9-win32-x86_64\bin\java.exe
0x00007ffa27740000 - 0x00007ffa279a8000 	C:\WINDOWS\SYSTEM32\ntdll.dll
0x00007ffa26730000 - 0x00007ffa267f9000 	C:\WINDOWS\System32\KERNEL32.DLL
0x00007ffa24eb0000 - 0x00007ffa252a1000 	C:\WINDOWS\System32\KERNELBASE.dll
0x00007ffa17220000 - 0x00007ffa172be000 	C:\WINDOWS\SYSTEM32\apphelp.dll
0x00007ffa24020000 - 0x00007ffa2416b000 	C:\WINDOWS\System32\ucrtbase.dll
0x00007ff9fb750000 - 0x00007ff9fb768000 	c:\Users\govin\.vscode\extensions\redhat.java-1.52.0-win32-x64\jre\21.0.9-win32-x86_64\bin\jli.dll
0x00007ff9fb800000 - 0x00007ff9fb81e000 	c:\Users\govin\.vscode\extensions\redhat.java-1.52.0-win32-x64\jre\21.0.9-win32-x86_64\bin\VCRUNTIME140.dll
0x00007ffa26d30000 - 0x00007ffa26ef6000 	C:\WINDOWS\System32\USER32.dll
0x00007ffa24170000 - 0x00007ffa24197000 	C:\WINDOWS\System32\win32u.dll
0x00007ffa0f020000 - 0x00007ffa0f2b3000 	C:\WINDOWS\WinSxS\amd64_microsoft.windows.common-controls_6595b64144ccf1df_6.0.26100.7705_none_3e06597ae3363b04\COMCTL32.dll
0x00007ffa26ff0000 - 0x00007ffa2701b000 	C:\WINDOWS\System32\GDI32.dll
0x00007ffa242e0000 - 0x00007ffa2440b000 	C:\WINDOWS\System32\gdi32full.dll
0x00007ffa25a10000 - 0x00007ffa25ab9000 	C:\WINDOWS\System32\msvcrt.dll
0x00007ffa252b0000 - 0x00007ffa25353000 	C:\WINDOWS\System32\msvcp_win.dll
0x00007ffa26c90000 - 0x00007ffa26cc1000 	C:\WINDOWS\System32\IMM32.DLL
0x00007ffa07df0000 - 0x00007ffa07dfc000 	c:\Users\govin\.vscode\extensions\redhat.java-1.52.0-win32-x64\jre\21.0.9-win32-x86_64\bin\vcruntime140_1.dll
0x00007ff9fae90000 - 0x00007ff9faf1d000 	c:\Users\govin\.vscode\extensions\redhat.java-1.52.0-win32-x64\jre\21.0.9-win32-x86_64\bin\msvcp140.dll
0x00007ff977600000 - 0x00007ff9783a0000 	c:\Users\govin\.vscode\extensions\redhat.java-1.52.0-win32-x64\jre\21.0.9-win32-x86_64\bin\server\jvm.dll
0x00007ffa254e0000 - 0x00007ffa25594000 	C:\WINDOWS\System32\ADVAPI32.dll
0x00007ffa26b60000 - 0x00007ffa26c06000 	C:\WINDOWS\System32\sechost.dll
0x00007ffa255a0000 - 0x00007ffa256b8000 	C:\WINDOWS\System32\RPCRT4.dll
0x00007ffa26220000 - 0x00007ffa26294000 	C:\WINDOWS\System32\WS2_32.dll
0x00007ffa23e80000 - 0x00007ffa23ede000 	C:\WINDOWS\SYSTEM32\POWRPROF.dll
0x00007ffa1db50000 - 0x00007ffa1db5b000 	C:\WINDOWS\SYSTEM32\VERSION.dll
0x00007ffa13c60000 - 0x00007ffa13c95000 	C:\WINDOWS\SYSTEM32\WINMM.dll
0x00007ffa23e60000 - 0x00007ffa23e74000 	C:\WINDOWS\SYSTEM32\UMPDC.dll
0x00007ffa22dd0000 - 0x00007ffa22deb000 	C:\WINDOWS\SYSTEM32\kernel.appcore.dll
0x00007ffa06a70000 - 0x00007ffa06a7a000 	c:\Users\govin\.vscode\extensions\redhat.java-1.52.0-win32-x64\jre\21.0.9-win32-x86_64\bin\jimage.dll
0x00007ffa21930000 - 0x00007ffa21b72000 	C:\WINDOWS\SYSTEM32\DBGHELP.DLL
0x00007ffa27320000 - 0x00007ffa276a6000 	C:\WINDOWS\System32\combase.dll
0x00007ffa25880000 - 0x00007ffa25957000 	C:\WINDOWS\System32\OLEAUT32.dll
0x00007ffa12ab0000 - 0x00007ffa12aeb000 	C:\WINDOWS\SYSTEM32\dbgcore.DLL
0x00007ffa241a0000 - 0x00007ffa24245000 	C:\WINDOWS\System32\bcryptPrimitives.dll
0x00007ffa069e0000 - 0x00007ffa069ef000 	c:\Users\govin\.vscode\extensions\redhat.java-1.52.0-win32-x64\jre\21.0.9-win32-x86_64\bin\instrument.dll
0x00007ff9fb520000 - 0x00007ff9fb540000 	c:\Users\govin\.vscode\extensions\redhat.java-1.52.0-win32-x64\jre\21.0.9-win32-x86_64\bin\java.dll
0x00007ffa25ac0000 - 0x00007ffa26211000 	C:\WINDOWS\System32\SHELL32.dll
0x00007ffa24410000 - 0x00007ffa2457a000 	C:\WINDOWS\System32\wintypes.dll
0x00007ffa24580000 - 0x00007ffa24de2000 	C:\WINDOWS\System32\windows.storage.dll
0x00007ffa271c0000 - 0x00007ffa272b6000 	C:\WINDOWS\System32\SHCORE.dll
0x00007ffa26f00000 - 0x00007ffa26f67000 	C:\WINDOWS\System32\shlwapi.dll
0x00007ffa23f40000 - 0x00007ffa23f69000 	C:\WINDOWS\SYSTEM32\profapi.dll
0x00007ff9fafe0000 - 0x00007ff9faff8000 	c:\Users\govin\.vscode\extensions\redhat.java-1.52.0-win32-x64\jre\21.0.9-win32-x86_64\bin\zip.dll
0x00007ffa04020000 - 0x00007ffa04030000 	C:\Users\govin\.vscode\extensions\redhat.java-1.52.0-win32-x64\jre\21.0.9-win32-x86_64\bin\net.dll
0x00007ffa20fe0000 - 0x00007ffa21107000 	C:\WINDOWS\SYSTEM32\WINHTTP.dll
0x00007ffa23340000 - 0x00007ffa233ab000 	C:\WINDOWS\system32\mswsock.dll
0x00007ff9fafc0000 - 0x00007ff9fafd6000 	C:\Users\govin\.vscode\extensions\redhat.java-1.52.0-win32-x64\jre\21.0.9-win32-x86_64\bin\nio.dll
0x00007ffa012b0000 - 0x00007ffa012c0000 	c:\Users\govin\.vscode\extensions\redhat.java-1.52.0-win32-x64\jre\21.0.9-win32-x86_64\bin\verify.dll
0x00007ff9f5460000 - 0x00007ff9f54a5000 	C:\Users\govin\AppData\Roaming\Code\User\globalStorage\redhat.java\1.52.0\config_win\org.eclipse.equinox.launcher\org.eclipse.equinox.launcher.win32.win32.x86_64_1.2.1500.v20260121-1430\eclipse_11919.dll
0x00007ffa27020000 - 0x00007ffa271b7000 	C:\WINDOWS\System32\ole32.dll
0x00007ffa23610000 - 0x00007ffa2362b000 	C:\WINDOWS\SYSTEM32\CRYPTSP.dll
0x00007ffa22d30000 - 0x00007ffa22d69000 	C:\WINDOWS\system32\rsaenh.dll
0x00007ffa233f0000 - 0x00007ffa2341b000 	C:\WINDOWS\SYSTEM32\USERENV.dll
0x00007ffa23f10000 - 0x00007ffa23f3a000 	C:\WINDOWS\SYSTEM32\bcrypt.dll
0x00007ffa23600000 - 0x00007ffa2360c000 	C:\WINDOWS\SYSTEM32\CRYPTBASE.dll
0x00007ffa22820000 - 0x00007ffa22854000 	C:\WINDOWS\SYSTEM32\IPHLPAPI.DLL
0x00007ffa26800000 - 0x00007ffa2680a000 	C:\WINDOWS\System32\NSI.dll
0x00007ff9f3960000 - 0x00007ff9f39a9000 	C:\Users\govin\AppData\Local\Temp\jna-98546227\jna8584525666778650827.dll
0x00007ffa272d0000 - 0x00007ffa272d8000 	C:\WINDOWS\System32\PSAPI.DLL
0x00007ffa212c0000 - 0x00007ffa212de000 	C:\WINDOWS\SYSTEM32\dhcpcsvc6.DLL
0x00007ffa21250000 - 0x00007ffa21273000 	C:\WINDOWS\SYSTEM32\dhcpcsvc.DLL
0x00007ffa1d7c0000 - 0x00007ffa1d7ce000 	C:\Users\govin\.vscode\extensions\redhat.java-1.52.0-win32-x64\jre\21.0.9-win32-x86_64\bin\sunmscapi.dll
0x00007ffa25360000 - 0x00007ffa254d7000 	C:\WINDOWS\System32\CRYPT32.dll
0x00007ffa23820000 - 0x00007ffa23850000 	C:\WINDOWS\SYSTEM32\ncrypt.dll
0x00007ffa237d0000 - 0x00007ffa2380f000 	C:\WINDOWS\SYSTEM32\NTASN1.dll
0x00007ffa228c0000 - 0x00007ffa229ec000 	C:\WINDOWS\SYSTEM32\DNSAPI.dll
0x0000000075630000 - 0x0000000075665000 	C:\Program Files\Bonjour\mdnsNSP.dll
0x00007ffa20020000 - 0x00007ffa2002b000 	C:\Windows\System32\rasadhlp.dll
0x00007ffa21400000 - 0x00007ffa21486000 	C:\WINDOWS\System32\fwpuclnt.dll
0x00007ffa01320000 - 0x00007ffa01329000 	C:\Users\govin\.vscode\extensions\redhat.java-1.52.0-win32-x64\jre\21.0.9-win32-x86_64\bin\extnet.dll

JVMTI agents:
c:\Users\govin\.vscode\extensions\redhat.java-1.52.0-win32-x64\lombok\lombok-1.18.39-4050.jar path:c:\Users\govin\.vscode\extensions\redhat.java-1.52.0-win32-x64\jre\21.0.9-win32-x86_64\bin\instrument.dll, loaded, initialized, instrumentlib options:none

dbghelp: loaded successfully - version: 4.0.5 - missing functions: none
symbol engine: initialized successfully - sym options: 0x614 - pdb path: .;c:\Users\govin\.vscode\extensions\redhat.java-1.52.0-win32-x64\jre\21.0.9-win32-x86_64\bin;C:\WINDOWS\SYSTEM32;C:\WINDOWS\WinSxS\amd64_microsoft.windows.common-controls_6595b64144ccf1df_6.0.26100.7705_none_3e06597ae3363b04;c:\Users\govin\.vscode\extensions\redhat.java-1.52.0-win32-x64\jre\21.0.9-win32-x86_64\bin\server;C:\Users\govin\AppData\Roaming\Code\User\globalStorage\redhat.java\1.52.0\config_win\org.eclipse.equinox.launcher\org.eclipse.equinox.launcher.win32.win32.x86_64_1.2.1500.v20260121-1430;C:\Users\govin\AppData\Local\Temp\jna-98546227;C:\Program Files\Bonjour

VM Arguments:
jvm_args: --add-modules=ALL-SYSTEM --add-opens=java.base/java.util=ALL-UNNAMED --add-opens=java.base/java.lang=ALL-UNNAMED --add-opens=java.base/sun.nio.fs=ALL-UNNAMED -Declipse.application=org.eclipse.jdt.ls.core.id1 -Dosgi.bundles.defaultStartLevel=4 -Declipse.product=org.eclipse.jdt.ls.core.product -Djava.import.generatesMetadataFilesAtProjectRoot=false -DDetectVMInstallationsJob.disabled=true -Dfile.encoding=utf8 -XX:+UseParallelGC -XX:GCTimeRatio=4 -XX:AdaptiveSizePolicyWeight=90 -Dsun.zip.disableMemoryMapping=true -Xmx2G -Xms100m -Xlog:disable -javaagent:c:\Users\govin\.vscode\extensions\redhat.java-1.52.0-win32-x64\lombok\lombok-1.18.39-4050.jar -XX:+HeapDumpOnOutOfMemoryError -XX:HeapDumpPath=c:\Users\govin\AppData\Roaming\Code\User\workspaceStorage\63accd2e03c73e076dd7f4f5a571dcd8\redhat.java -Daether.dependencyCollector.impl=bf 
java_command: c:\Users\govin\.vscode\extensions\redhat.java-1.52.0-win32-x64\server\plugins\org.eclipse.equinox.launcher_1.7.100.v20251111-0406.jar -configuration c:\Users\govin\AppData\Roaming\Code\User\globalStorage\redhat.java\1.52.0\config_win -data c:\Users\govin\AppData\Roaming\Code\User\workspaceStorage\63accd2e03c73e076dd7f4f5a571dcd8\redhat.java\jdt_ws --pipe=\\.\pipe\lsp-f0073eb800464da08d4ab012900ae2ad-sock
java_class_path (initial): c:\Users\govin\.vscode\extensions\redhat.java-1.52.0-win32-x64\server\plugins\org.eclipse.equinox.launcher_1.7.100.v20251111-0406.jar
Launcher Type: SUN_STANDARD

[Global flags]
    uintx AdaptiveSizePolicyWeight                 = 90                                        {product} {command line}
     intx CICompilerCount                          = 12                                        {product} {ergonomic}
    uintx GCTimeRatio                              = 4                                         {product} {command line}
     bool HeapDumpOnOutOfMemoryError               = true                                   {manageable} {command line}
    ccstr HeapDumpPath                             = c:\Users\govin\AppData\Roaming\Code\User\workspaceStorage\63accd2e03c73e076dd7f4f5a571dcd8\redhat.java         {manageable} {command line}
   size_t InitialHeapSize                          = 104857600                                 {product} {command line}
   size_t MaxHeapSize                              = 2147483648                                {product} {command line}
   size_t MaxNewSize                               = 715653120                                 {product} {ergonomic}
   size_t MinHeapDeltaBytes                        = 524288                                    {product} {ergonomic}
   size_t MinHeapSize                              = 104857600                                 {product} {command line}
   size_t NewSize                                  = 34603008                                  {product} {ergonomic}
    uintx NonNMethodCodeHeapSize                   = 7602480                                {pd product} {ergonomic}
    uintx NonProfiledCodeHeapSize                  = 122027880                              {pd product} {ergonomic}
   size_t OldSize                                  = 70254592                                  {product} {ergonomic}
    uintx ProfiledCodeHeapSize                     = 122027880                              {pd product} {ergonomic}
    uintx ReservedCodeCacheSize                    = 251658240                              {pd product} {ergonomic}
     bool SegmentedCodeCache                       = true                                      {product} {ergonomic}
   size_t SoftMaxHeapSize                          = 2147483648                             {manageable} {ergonomic}
     bool UseCompressedOops                        = true                           {product lp64_product} {ergonomic}
     bool UseLargePagesIndividualAllocation        = false                                  {pd product} {ergonomic}
     bool UseParallelGC                            = true                                      {product} {command line}

Logging:
Log output configuration:
 #0: stdout all=off uptime,level,tags foldmultilines=false
 #1: stderr all=off uptime,level,tags foldmultilines=false

Release file:
JAVA_VERSION="21.0.9" 
MODULES="java.base java.compiler java.datatransfer java.xml java.prefs java.desktop java.instrument java.logging java.management java.security.sasl java.naming java.rmi java.management.rmi java.net.http java.scripting java.security.jgss java.transaction.xa java.sql java.sql.rowset java.xml.crypto java.se java.smartcardio jdk.accessibility jdk.internal.jvmstat jdk.attach jdk.charsets jdk.internal.opt jdk.zipfs jdk.compiler jdk.crypto.ec jdk.crypto.cryptoki jdk.crypto.mscapi jdk.dynalink jdk.internal.ed jdk.editpad jdk.hotspot.agent jdk.httpserver jdk.internal.le jdk.internal.vm.ci jdk.internal.vm.compiler jdk.internal.vm.compiler.management jdk.jartool jdk.javadoc jdk.jcmd jdk.management jdk.management.agent jdk.jconsole jdk.jdeps jdk.jdwp.agent jdk.jdi jdk.jfr jdk.jshell jdk.jsobject jdk.jstatd jdk.localedata jdk.management.jfr jdk.naming.dns jdk.naming.rmi jdk.net jdk.nio.mapmode jdk.random jdk.sctp jdk.security.auth jdk.security.jgss jdk.unsupported jdk.unsupported.desktop jdk.xml.dom" 

Environment Variables:
PATH=C:\Program Files\Common Files\Oracle\Java\javapath;C:\Program Files\Eclipse Adoptium\jdk-8.0.452.9-hotspot\bin;C:\WINDOWS\system32;C:\WINDOWS;C:\WINDOWS\System32\Wbem;C:\WINDOWS\System32\WindowsPowerShell\v1.0\;C:\WINDOWS\System32\OpenSSH\;C:\Program Files\nodejs\;C:\Users\govin\apache-maven-3.9.9\bin;C:\Program Files\MongoDB\Tools\100\bin;C:\Program Files\Git\cmd;C:\Program Files\Docker\Docker\resources\bin;C:\Program Files\MySQL\MySQL Server 8.0\bin;C:\Program Files\MySQL\MySQL Shell 8.0\bin\;C:\Users\govin\anaconda3;C:\Users\govin\anaconda3\Library\mingw-w64\bin;C:\Users\govin\anaconda3\Library\usr\bin;C:\Users\govin\anaconda3\Library\bin;C:\Users\govin\anaconda3\Scripts;C:\Users\govin\AppData\Local\Programs\Python\Python313\Scripts\;C:\Users\govin\AppData\Local\Programs\Python\Python313\;C:\Users\govin\AppData\Local\Programs\Python\Launcher\;C:\Users\govin\AppData\Local\Microsoft\WindowsApps;C:\Users\govin\AppData\Local\Programs\Microsoft VS Code\bin;C:\MinGW\bin;C:\Users\govin\AppData\Roaming\npm;C:\Program Files\JetBrains\IntelliJ IDEA 2025.3.1.1\bin;C:\Program Files\JetBrains\IntelliJ IDEA Community Edition 2025.1.1.1\bin;;C:\MongoSH\;C:\Users\govin\AppData\Local\Programs\Antigravity\bin
USERNAME=govin
OS=Windows_NT
PROCESSOR_IDENTIFIER=AMD64 Family 25 Model 80 Stepping 0, AuthenticAMD
TMP=C:\Users\govin\AppData\Local\Temp
TEMP=C:\Users\govin\AppData\Local\Temp




Periodic native trim disabled

---------------  S Y S T E M  ---------------

OS:
 Windows 11 , 64 bit Build 26100 (10.0.26100.7705)
OS uptime: 4 days 15:59 hours
Hyper-V role detected

CPU: total 16 (initial active 16) (16 cores per cpu, 2 threads per core) family 25 model 80 stepping 0 microcode 0xa500011, cx8, cmov, fxsr, ht, mmx, 3dnowpref, sse, sse2, sse3, ssse3, sse4a, sse4.1, sse4.2, popcnt, lzcnt, tsc, tscinvbit, avx, avx2, aes, erms, clmul, bmi1, bmi2, adx, sha, fma, vzeroupper, clflush, clflushopt, hv, rdtscp, rdpid, fsrm, f16c, cet_ss
Processor Information for processor 0
  Max Mhz: 2000, Current Mhz: 1808, Mhz Limit: 2000
Processor Information for processor 1
  Max Mhz: 2000, Current Mhz: 1808, Mhz Limit: 2000
Processor Information for processor 2
  Max Mhz: 2000, Current Mhz: 1890, Mhz Limit: 2000
Processor Information for processor 3
  Max Mhz: 2000, Current Mhz: 1808, Mhz Limit: 2000
Processor Information for processor 4
  Max Mhz: 2000, Current Mhz: 1808, Mhz Limit: 2000
Processor Information for processor 5
  Max Mhz: 2000, Current Mhz: 1808, Mhz Limit: 2000
Processor Information for processor 6
  Max Mhz: 2000, Current Mhz: 1808, Mhz Limit: 2000
Processor Information for processor 7
  Max Mhz: 2000, Current Mhz: 1890, Mhz Limit: 2000
Processor Information for processor 8
  Max Mhz: 2000, Current Mhz: 1890, Mhz Limit: 2000
Processor Information for processor 9
  Max Mhz: 2000, Current Mhz: 1890, Mhz Limit: 2000
Processor Information for processor 10
  Max Mhz: 2000, Current Mhz: 1890, Mhz Limit: 2000
Processor Information for processor 11
  Max Mhz: 2000, Current Mhz: 1808, Mhz Limit: 2000
Processor Information for processor 12
  Max Mhz: 2000, Current Mhz: 1808, Mhz Limit: 2000
Processor Information for processor 13
  Max Mhz: 2000, Current Mhz: 1808, Mhz Limit: 2000
Processor Information for processor 14
  Max Mhz: 2000, Current Mhz: 1808, Mhz Limit: 2000
Processor Information for processor 15
  Max Mhz: 2000, Current Mhz: 1808, Mhz Limit: 2000

Memory: 4k page, system-wide physical 15711M (881M free)
TotalPageFile size 46078M (AvailPageFile size 209M)
current process WorkingSet (physical memory assigned to process): 12M, peak: 443M
current process commit charge ("private bytes"): 665M, peak: 726M

vm_info: OpenJDK 64-Bit Server VM (21.0.9+10-LTS) for windows-amd64 JRE (21.0.9+10-LTS), built on 2025-10-21T00:00:00Z by "admin" with unknown MS VC++:1942

END.
